================================================================================
SHOP ERP BACKEND COMPREHENSIVE TEST
================================================================================
Base URL: https://erp-system-hub-2.preview.emergentagent.com/api
Owner credentials: owner@shop.in / admin123
================================================================================

================================================================================
1. AUTH & ROLES TESTS
================================================================================

[1.1] Testing auth status...
[1.2] Testing owner login...
[1.3] Testing wrong password...
[1.4] Testing /auth/me...
[1.5] Testing employee creation...
[1.6] Testing employee login...
[1.7] Testing owner-only endpoint restrictions...
[1.8] Testing forgot/reset password...

================================================================================
2. CATALOG TESTS
================================================================================

[2.1] Creating catalog entries...
[2.2] Listing catalog entries...

================================================================================
3. PRODUCTS TESTS
================================================================================

[3.1] Creating product with opening stock...
[3.2] Listing products...
[3.3] Testing product lookup...

[4] CORE END-TO-END CHAIN (CRITICAL)
[4.1] Creating fresh product with zero stock...
[4.2] First purchase: 100 units @ 1000 each...
[4.3] Second purchase: 100 units @ 2000 each (weighted avg test)...
[4.4] Testing oversell protection (trying to sell 9999 units)...
[4.5] Testing discount + tax (flat discount 100, tax 0%)...

[5] WORKING CAPITAL TESTS (CRITICAL)
[5.1] Getting baseline working capital...
  Baseline: cash=249900.0, stock=535000.0, AR=2000.0, AP=5000.0, WC=781900.0
[5.2] Adding capital: 100000...
[5.3] Creating product for WC test...
[5.4] Buying stock: 1 unit @ 100000 (cash)...
  After purchase: cash=249900.0, stock=635000.0, WC=881900.0
[5.5] CASH SALE: selling 1 unit @ 150000 (cash)...
  After cash sale: cash=399900.0, stock=535000.0, WC=931900.0
[5.6] Buying another unit for credit sale test...
[5.7] CREDIT SALE: selling 1 unit @ 150000 (credit)...
  After credit sale: cash=299900.0, stock=535000.0, AR=152000.0, WC=981900.0

[6] CREDIT LEDGER & PAYMENTS
[6.1] Getting credit ledger...
[6.2] Recording customer payment...
[6.3] Testing supplier payment...

================================================================================
7. OTHER FEATURES
================================================================================

[7.1] Testing expenses...
[7.2] Testing stock adjustments...
[7.3] Testing negative stock prevention...
[7.4] Testing returns...
[7.5] Testing day close...
[7.6] Testing dashboard...
[7.7] Testing P&L report...
[7.8] Testing invoice PDF...
[7.9] Testing UPI QR...
[7.10] Testing settings...
[7.11] Testing activity log...

================================================================================
TEST SUMMARY
================================================================================

🔴 FAILED TESTS (1):
  ❌ Payment increases cash: Cash increased by 100000.0, expected 50000

🟢 PASSED TESTS (64):
  ✅ Auth status: has_owner=True
  ✅ Owner login: Token received, user: Test Owner
  ✅ Wrong password rejection: 401 returned as expected
  ✅ Auth me: Owner profile: Test Owner
  ✅ Create employee: Employee created: Rajesh Kumar
  ✅ Employee login: Employee token received
  ✅ Owner-only restrictions: All owner-only endpoints properly restricted
  ✅ Forgot password: Reset token received
  ✅ Reset password: Password reset successful
  ✅ Create category: Category: Electronics
  ✅ Create supplier: Supplier with opening balance: 5000.0
  ✅ Create customer: Customer with opening balance: 2000.0
  ✅ List categories: Found 1 categories
  ✅ List suppliers: Found 1 suppliers
  ✅ List customers: Found 1 customers
  ✅ Create product: Product created, avg_cost=25000.0
  ✅ List products: stock_value=250000.0, low=False
  ✅ Product lookup: Found: Samsung Galaxy A54
  ✅ Create fresh product: Stock=0, avg_cost=0
  ✅ First purchase: Total: 100000.0
  ✅ First purchase verification: Stock=100, avg_cost=1000
  ✅ Weighted average: Stock=200, avg_cost=1500
  ✅ Oversell protection: Blocked with message: Not enough stock for Dell Inspiron 15 — only 200.0 pcs left
  ✅ Oversell stock check: Stock unchanged at 200
  ✅ Discount + tax calculation: All calculations correct: total=549900.0, cogs=15000.0
  ✅ WC formula baseline: WC=781900.0 matches formula
  ✅ Capital increases cash: Cash increased by 100000
  ✅ Capital increases WC: WC increased by 100000
  ✅ WC formula after purchase: Formula holds: WC=881900.0
  ✅ WC formula after cash sale: Formula holds: WC=931900.0
  ✅ WC cash sale profit: WC increased by 50000 (profit)
  ✅ WC formula after credit sale: Formula holds: WC=981900.0
  ✅ Credit sale cash unchanged: Cash unchanged as expected
  ✅ Credit sale AR increase: AR increased by 150000
  ✅ WC credit sale profit: WC increased by 50000 (profit)
  ✅ Credit ledger: AR=152000.0, AP=5000.0, 1 customers with balance
  ✅ Customer in ledger: Priya Sharma: balance=152000.0
  ✅ Record customer payment: Payment recorded: 50000.0
  ✅ Customer balance reduced: New balance: 102000.0
  ✅ Sale updated after payment: Paid=50000.0, Due=100000.0, Status=partial
  ✅ Supplier payable created: Supplier balance: 130000.0
  ✅ Record supplier payment: Payment to supplier recorded
  ✅ Supplier balance reduced: New balance: 80000.0
  ✅ Create expense: Expense: 15000.0
  ✅ Expense reduces cash: Cash reduced by 15000
  ✅ Stock adjustment decrease: Adjustment recorded
  ✅ Stock decreased: Stock: 15.0 -> 13.0
  ✅ Negative stock prevention: Adjustment blocked
  ✅ Customer return: Return recorded
  ✅ Customer return increases stock: Stock: 13.0 -> 14.0
  ✅ Supplier return: Return recorded
  ✅ Supplier return decreases stock: Stock: 14.0 -> 13.0
  ✅ Day close expected: Expected cash: 134900.0
  ✅ Day close: Day closed, variance: 0.0
  ✅ Day close duplicate prevention: Second close blocked
  ✅ Dashboard cash matches WC: Cash: 284900.0
  ✅ Dashboard profit calculation: Net profit: 619900.0
  ✅ Dashboard data: Sales: 849900.0, Profit: 619900.0
  ✅ P&L report: Sales=849900.0, COGS=215000.0, Gross=634900.0, Net=619900.0
  ✅ Invoice PDF: PDF generated, size: 2352 bytes
  ✅ UPI QR: QR generated, amount: 549900.0
  ✅ Get settings: Shop: My Shop
  ✅ Settings owner-only: Employee blocked from updating settings
  ✅ Activity log: 23 activities logged

================================================================================
Total: 64 passed, 1 failed, 0 warnings
================================================================================

